exports[`<QueryType> matches snapshot 1`] = `
<div>
  <span>
    <input
      id="zzz_match_all"
      name="query_type"
      type="radio"
      value="match_all" />
    <label
      for="zzz_match_all">
      Contains words
    </label>
  </span>
  <span>
    <input
      id="zzz_match_phrase"
      name="query_type"
      type="radio"
      value="match_phrase" />
    <label
      for="zzz_match_phrase">
      Contains phrase
    </label>
  </span>
  <span>
    <input
      checked=""
      id="zzz_match_exact"
      name="query_type"
      type="radio"
      value="match_exact" />
    <label
      for="zzz_match_exact">
      Exact match
    </label>
  </span>
</div>
`;
