exports[`<Tooltip> matches snapshot 1`] = `<span />`;
